Docker build failure: Plugin docker, docker pipeline and CloudBees Docker Build and Publish plugin were installed.
error:
" + docker build -t omeshwar/petclinic-v1 ./docker
/var/lib/jenkins/workspace/jenkins-docker-integration@tmp/durable-81c593a2/script.sh: line 1: docker: command not found "

Reason: Docker is not available/found in the Jenkins Server while runing the pipeline job, and we can verify it by:
Run as root user:
$ docker --version , version not found or some error
$  yum list | grep docker , it will o/p with some error
$ docker run hello-world , fails to build image.

Resolution:
Install the docker:
$ yum install -y docker
$ service docker start
$ chkconfig docker on
$ docker --version  ---> Docker version 1.13.1, build 7d71120/1.13.1
$ yum list | grep docker   ---> it will return docker details
also we can build an image using $ docker run hello-world and will also execute $ docker ps 

Now if we try to build the job then it will show below error: /var/run/docker.sock: connect: permission denied
+ docker build -t omeshwar/petclinic-v1 ./docker
Got permission denied while trying to connect to the Docker daemon socket at unix:///var/run/docker.sock: Post http://%2Fvar%2Frun%2Fdocker.sock/v1.26/build?buildargs=
%7B%7D&buildbinds=null&cachefrom=%5B%5D&cgroupparent=&cpuperiod=0&cpuquota=0&cpusetcpus=&cpusetmems=&cpushares=0&dockerfile=Dockerfile&labels=%7B%7D&memory=0&memswap=0
&networkmode=default&rm=1&shmsize=0&t=omeshwar%2Fpetclinic-v1&ulimits=null: dial unix /var/run/docker.sock: connect: permission denied

Reason: User jenkins does not have access to docker and only root has access to it.
Resolution: Login as root user.
Create the group 'docker' : $ groupadd docker  
List members of the group: grep <gropu-name> /etc/group
Add users to a group: usermod -a -G <group-name> <user-name> ) 
$ usermod -aG docker jenkins  
$ grep docker /etc/group (verify jenkins is added to the group docker)
or
$ groups jenkins ( groups $USER)
$ grep docker /etc/group
dockerroot:x:993:
docker:x:1002:jenkins

Chaneg acess mode for docker socket:
$ chmod 666 /var/run/docker.sock
Reboot the server:
$ reboot

Run the pipeline job and it will build the docker image as well as push to the docker hub registry with a sample shown below;

+ docker build -t omeshwar/petclinic-v1 ./docker
Sending build context to Docker daemon 47.69 MB
.
Successfully built a3a1a538e02c
.
$ docker login -u omeshwar -p ******** https://registry.hub.docker.com
Login Succeeded
.
+ docker tag omeshwar/petclinic-v1 registry.hub.docker.com/omeshwar/petclinic-v1:11
.
+ docker push registry.hub.docker.com/omeshwar/petclinic-v1:11
The push refers to a repository [registry.hub.docker.com/omeshwar/petclinic-v1]
.
3aedbb938d77: Pushed
11: digest: sha256:1967b2e8f2daf874ef93e7ccd2eb5476e6c26b2f3d0e4dfce8791d255433b642 size: 2007
Finished: SUCCESS


Note:
Delete users from a group: usermod -G <group-name> <user-name>  or   gpasswd -d  <user-name> <group-name>
$ gpasswd -d ansadmin docker
